
> my-aichatapp@0.1.0 dev
> next dev --webpack

▲ Next.js 16.2.2 (webpack)
- Local:         http://localhost:3000
- Network:       http://192.168.1.136:3000
- Environments: .env
✓ Ready in 211ms
- Experiments (use with caution):
  · serverActions

Invalid Bearer token: JWSInvalid: Invalid Compact JWS
    at getUserSession (src/lib/auth-utils.ts:12:42)
    at GET (src/app/api/folders/route.ts:7:39)
  10 |         process.env.AUTH_SECRET || "fallback_secret_key_change_in_production"
  11 |       );
> 12 |       const { payload } = await jwtVerify(token, secret);
     |                                          ^
  13 |       if (payload?.id) {
  14 |         return {
  15 |           user: { {
  code: 'ERR_JWS_INVALID'
}
Invalid Bearer token: JWSInvalid: Invalid Compact JWS
    at getUserSession (src/lib/auth-utils.ts:12:42)
    at GET (src/app/api/conversations/route.ts:7:39)
  10 |         process.env.AUTH_SECRET || "fallback_secret_key_change_in_production"
  11 |       );
> 12 |       const { payload } = await jwtVerify(token, secret);
     |                                          ^
  13 |       if (payload?.id) {
  14 |         return {
  15 |           user: { {
  code: 'ERR_JWS_INVALID'
}
 GET /api/folders 401 in 1499ms (next.js: 680ms, proxy.ts: 511ms, application-code: 307ms)
 GET /api/conversations?limit=30 401 in 1609ms (next.js: 682ms, proxy.ts: 510ms, application-code: 417ms)
 POST /api/mobile/login 401 in 1831ms (next.js: 343ms, proxy.ts: 99ms, application-code: 1389ms)
 POST /api/mobile/login 200 in 465ms (next.js: 1228µs, proxy.ts: 65ms, application-code: 399ms)
 GET /api/folders 200 in 404ms (next.js: 244ms, proxy.ts: 7ms, application-code: 153ms)
 GET /api/conversations?limit=30 200 in 933ms (next.js: 246ms, proxy.ts: 8ms, application-code: 679ms)
 GET /api/conversations/cmrzg7o6x005ejqefmy980wux 200 in 1781ms (next.js: 580ms, proxy.ts: 74ms, application-code: 1127ms)
 GET /api/admin/users?page=1&limit=100 403 in 329ms (next.js: 306ms, proxy.ts: 18ms, application-code: 5ms)
 GET /api/admin/stats?period=all 403 in 220ms (next.js: 196ms, proxy.ts: 15ms, application-code: 10ms)
 GET /api/settings 401 in 469ms (next.js: 208ms, proxy.ts: 211ms, application-code: 50ms)
 POST /api/conversations/cmrzg7o6x005ejqefmy980wux/messages 200 in 12.6s (next.js: 851ms, proxy.ts: 11ms, application-code: 11.7s)
 GET /api/conversations?limit=30 200 in 173ms (next.js: 10ms, proxy.ts: 16ms, application-code: 146ms)
 GET /api/admin/patients?page=1&limit=100 403 in 1278ms (next.js: 1155ms, proxy.ts: 12ms, application-code: 112ms)
Invalid Bearer token: JWSInvalid: Invalid Compact JWS
    at getUserSession (src/lib/auth-utils.ts:12:42)
    at GET (src/app/api/folders/route.ts:7:39)
  10 |         process.env.AUTH_SECRET || "fallback_secret_key_change_in_production"
  11 |       );
> 12 |       const { payload } = await jwtVerify(token, secret);
     |                                          ^
  13 |       if (payload?.id) {
  14 |         return {
  15 |           user: { {
  code: 'ERR_JWS_INVALID'
}
Invalid Bearer token: JWSInvalid: Invalid Compact JWS
    at getUserSession (src/lib/auth-utils.ts:12:42)
    at GET (src/app/api/conversations/route.ts:7:39)
  10 |         process.env.AUTH_SECRET || "fallback_secret_key_change_in_production"
  11 |       );
> 12 |       const { payload } = await jwtVerify(token, secret);
     |                                          ^
  13 |       if (payload?.id) {
  14 |         return {
  15 |           user: { {
  code: 'ERR_JWS_INVALID'
}
 GET /api/folders 401 in 453ms (next.js: 241ms, proxy.ts: 103ms, application-code: 109ms)
 GET /api/conversations?limit=30 401 in 458ms (next.js: 242ms, proxy.ts: 102ms, application-code: 113ms)
 POST /api/mobile/login 200 in 962ms (next.js: 77ms, proxy.ts: 68ms, application-code: 817ms)
 GET /api/conversations?limit=30 200 in 605ms (next.js: 395ms, proxy.ts: 93ms, application-code: 117ms)
 GET /api/folders 200 in 752ms (next.js: 445ms, proxy.ts: 141ms, application-code: 166ms)
 GET /api/conversations/cmrzg7o6x005ejqefmy980wux 200 in 1426ms (next.js: 307ms, proxy.ts: 18ms, application-code: 1101ms)
 GET /api/admin/patients?page=1&limit=100 403 in 52ms (next.js: 19ms, proxy.ts: 27ms, application-code: 5ms)
 GET /api/admin/stats?period=all 403 in 299ms (next.js: 279ms, proxy.ts: 15ms, application-code: 5ms)
 GET /api/settings 401 in 371ms (next.js: 74ms, proxy.ts: 290ms, application-code: 8ms)
 GET /api/admin/patients?page=1&limit=100 403 in 52ms (next.js: 15ms, proxy.ts: 26ms, application-code: 11ms)
Invalid Bearer token: JWSInvalid: Invalid Compact JWS
    at getUserSession (src/lib/auth-utils.ts:12:42)
    at GET (src/app/api/conversations/route.ts:7:39)
  10 |         process.env.AUTH_SECRET || "fallback_secret_key_change_in_production"
  11 |       );
> 12 |       const { payload } = await jwtVerify(token, secret);
     |                                          ^
  13 |       if (payload?.id) {
  14 |         return {
  15 |           user: { {
  code: 'ERR_JWS_INVALID'
}
Invalid Bearer token: JWSInvalid: Invalid Compact JWS
    at getUserSession (src/lib/auth-utils.ts:12:42)
    at GET (src/app/api/folders/route.ts:7:39)
  10 |         process.env.AUTH_SECRET || "fallback_secret_key_change_in_production"
  11 |       );
> 12 |       const { payload } = await jwtVerify(token, secret);
     |                                          ^
  13 |       if (payload?.id) {
  14 |         return {
  15 |           user: { {
  code: 'ERR_JWS_INVALID'
}
 GET /api/conversations?limit=30 401 in 234ms (next.js: 20ms, proxy.ts: 22ms, application-code: 193ms)
 GET /api/folders 401 in 263ms (next.js: 143ms, proxy.ts: 30ms, application-code: 89ms)
 POST /api/mobile/login 200 in 552ms (next.js: 8ms, proxy.ts: 24ms, application-code: 520ms)
 GET /api/conversations?limit=30 200 in 106ms (next.js: 12ms, proxy.ts: 10ms, application-code: 85ms)
 GET /api/folders 200 in 245ms (next.js: 12ms, proxy.ts: 18ms, application-code: 215ms)
 GET /api/conversations/cmrzg7o6x005ejqefmy980wux 200 in 546ms (next.js: 22ms, proxy.ts: 6ms, application-code: 518ms)
 GET /api/admin/patients?page=1&limit=100 403 in 21ms (next.js: 4ms, proxy.ts: 6ms, application-code: 11ms)
Invalid Bearer token: JWSInvalid: Invalid Compact JWS
    at getUserSession (src/lib/auth-utils.ts:12:42)
    at GET (src/app/api/conversations/route.ts:7:39)
  10 |         process.env.AUTH_SECRET || "fallback_secret_key_change_in_production"
  11 |       );
> 12 |       const { payload } = await jwtVerify(token, secret);
     |                                          ^
  13 |       if (payload?.id) {
  14 |         return {
  15 |           user: { {
  code: 'ERR_JWS_INVALID'
}
Invalid Bearer token: JWSInvalid: Invalid Compact JWS
    at getUserSession (src/lib/auth-utils.ts:12:42)
    at GET (src/app/api/folders/route.ts:7:39)
  10 |         process.env.AUTH_SECRET || "fallback_secret_key_change_in_production"
  11 |       );
> 12 |       const { payload } = await jwtVerify(token, secret);
     |                                          ^
  13 |       if (payload?.id) {
  14 |         return {
  15 |           user: { {
  code: 'ERR_JWS_INVALID'
}
 GET /api/conversations?limit=30 401 in 266ms (next.js: 72ms, proxy.ts: 19ms, application-code: 175ms)
 GET /api/folders 401 in 269ms (next.js: 198ms, proxy.ts: 25ms, application-code: 46ms)
 POST /api/mobile/login 200 in 1591ms (next.js: 284ms, proxy.ts: 10ms, application-code: 1297ms)
 GET /api/conversations?limit=30 200 in 162ms (next.js: 5ms, proxy.ts: 3ms, application-code: 154ms)
 GET /api/folders 200 in 678ms (next.js: 9ms, proxy.ts: 3ms, application-code: 666ms)
 GET /api/conversations/cmrzg7o6x005ejqefmy980wux 200 in 1223ms (next.js: 104ms, proxy.ts: 9ms, application-code: 1110ms)
 GET /api/admin/patients?page=1&limit=100 200 in 697ms (next.js: 178ms, proxy.ts: 13ms, application-code: 506ms)
⨯ ReferenceError: req is not defined
    at GET (src/app/api/admin/users/[id]/password/route.ts:15:38)
  13 | // GET /api/admin/users/[id]/password — returns decrypted password (admin only)
  14 | export async function GET(_req: Request, { params }: { params: Promise<{ id: string }> }) {
> 15 |   const session = await requireAdmin(req);
     |                                      ^
  16 |   if (!session) return NextResponse.json({ error: "Yetkisiz" }, { status: 403 });
  17 |
  18 |   const { id } = await params;
 GET /api/admin/users/cmomsl0590000d56ymwd8706e/password 500 in 673ms (next.js: 623ms, proxy.ts: 13ms, application-code: 37ms)
⨯ ReferenceError: req is not defined
    at GET (src/app/api/admin/users/[id]/password/route.ts:15:38)
  13 | // GET /api/admin/users/[id]/password — returns decrypted password (admin only)
  14 | export async function GET(_req: Request, { params }: { params: Promise<{ id: string }> }) {
> 15 |   const session = await requireAdmin(req);
     |                                      ^
  16 |   if (!session) return NextResponse.json({ error: "Yetkisiz" }, { status: 403 });
  17 |
  18 |   const { id } = await params;
 GET /api/admin/users/cmomsl0590000d56ymwd8706e/password 500 in 62ms (next.js: 9ms, proxy.ts: 15ms, application-code: 39ms)
 POST /api/admin/sms 400 in 236ms (next.js: 226ms, proxy.ts: 7ms, application-code: 3ms)
 GET /login 200 in 1613ms (next.js: 1450ms, proxy.ts: 1762µs, application-code: 161ms)
 PUT /api/admin/patients/cmomsl0590000d56ymwd8706e 405 in 846ms (next.js: 746ms, proxy.ts: 95ms, application-code: 5ms)
 PUT /api/admin/patients/cmomsl0590000d56ymwd8706e 405 in 39ms (next.js: 11ms, proxy.ts: 18ms, application-code: 10ms)
 PUT /api/admin/patients/cmomsl0590000d56ymwd8706e 405 in 30ms (next.js: 12ms, proxy.ts: 12ms, application-code: 6ms)
 PUT /api/admin/patients/cmomsl0590000d56ymwd8706e 405 in 56ms (next.js: 11ms, proxy.ts: 29ms, application-code: 15ms)
 GET /api/admin/patients?page=1&limit=100 200 in 979ms (next.js: 46ms, proxy.ts: 45ms, application-code: 888ms)
